[2025-05-07T19:27:54.661+0000] {taskinstance.py:1956} INFO - Dependencies all met for dep_context=non-requeueable deps ti=<TaskInstance: run_python_script_dag.run_my_python_script manual__2025-05-07T19:27:52.850447+00:00 [queued]>
[2025-05-07T19:27:54.670+0000] {taskinstance.py:1956} INFO - Dependencies all met for dep_context=requeueable deps ti=<TaskInstance: run_python_script_dag.run_my_python_script manual__2025-05-07T19:27:52.850447+00:00 [queued]>
[2025-05-07T19:27:54.671+0000] {taskinstance.py:2170} INFO - Starting attempt 1 of 1
[2025-05-07T19:27:54.687+0000] {taskinstance.py:2191} INFO - Executing <Task(BashOperator): run_my_python_script> on 2025-05-07 19:27:52.850447+00:00
[2025-05-07T19:27:54.692+0000] {standard_task_runner.py:60} INFO - Started process 182 to run task
[2025-05-07T19:27:54.696+0000] {standard_task_runner.py:87} INFO - Running: ['***', 'tasks', 'run', 'run_python_script_dag', 'run_my_python_script', 'manual__2025-05-07T19:27:52.850447+00:00', '--job-id', '12', '--raw', '--subdir', 'DAGS_FOLDER/run_python_script_dag.py', '--cfg-path', '/tmp/tmpka3stpcl']
[2025-05-07T19:27:54.700+0000] {standard_task_runner.py:88} INFO - Job 12: Subtask run_my_python_script
[2025-05-07T19:27:54.756+0000] {task_command.py:423} INFO - Running <TaskInstance: run_python_script_dag.run_my_python_script manual__2025-05-07T19:27:52.850447+00:00 [running]> on host 9a330f7bf05e
[2025-05-07T19:27:54.834+0000] {taskinstance.py:2480} INFO - Exporting env vars: AIRFLOW_CTX_DAG_OWNER='***' AIRFLOW_CTX_DAG_ID='run_python_script_dag' AIRFLOW_CTX_TASK_ID='run_my_python_script' AIRFLOW_CTX_EXECUTION_DATE='2025-05-07T19:27:52.850447+00:00' AIRFLOW_CTX_TRY_NUMBER='1' AIRFLOW_CTX_DAG_RUN_ID='manual__2025-05-07T19:27:52.850447+00:00'
[2025-05-07T19:27:54.838+0000] {subprocess.py:63} INFO - Tmp dir root location: /tmp
[2025-05-07T19:27:54.840+0000] {subprocess.py:75} INFO - Running command: ['/usr/bin/bash', '-c', 'python /opt/***/scripts/my_script.py']
[2025-05-07T19:27:54.851+0000] {subprocess.py:86} INFO - Output:
[2025-05-07T19:27:54.883+0000] {subprocess.py:93} INFO - python: can't open file '/opt/***/scripts/my_script.py': [Errno 2] No such file or directory
[2025-05-07T19:27:54.886+0000] {subprocess.py:97} INFO - Command exited with return code 2
[2025-05-07T19:27:54.897+0000] {taskinstance.py:2698} ERROR - Task failed with exception
Traceback (most recent call last):
  File "/home/airflow/.local/lib/python3.8/site-packages/airflow/models/taskinstance.py", line 433, in _execute_task
    result = execute_callable(context=context, **execute_callable_kwargs)
  File "/home/airflow/.local/lib/python3.8/site-packages/airflow/operators/bash.py", line 212, in execute
    raise AirflowException(
airflow.exceptions.AirflowException: Bash command failed. The command returned a non-zero exit code 2.
[2025-05-07T19:27:54.901+0000] {taskinstance.py:1138} INFO - Marking task as FAILED. dag_id=run_python_script_dag, task_id=run_my_python_script, execution_date=20250507T192752, start_date=20250507T192754, end_date=20250507T192754
[2025-05-07T19:27:54.914+0000] {standard_task_runner.py:107} ERROR - Failed to execute job 12 for task run_my_python_script (Bash command failed. The command returned a non-zero exit code 2.; 182)
[2025-05-07T19:27:54.950+0000] {local_task_job_runner.py:234} INFO - Task exited with return code 1
[2025-05-07T19:27:54.979+0000] {taskinstance.py:3280} INFO - 0 downstream tasks scheduled from follow-on schedule check
