[2025-05-07T19:27:11.344+0000] {taskinstance.py:1956} INFO - Dependencies all met for dep_context=non-requeueable deps ti=<TaskInstance: run_python_script_dag.run_my_python_script manual__2025-05-07T19:23:13.227831+00:00 [queued]>
[2025-05-07T19:27:11.360+0000] {taskinstance.py:1956} INFO - Dependencies all met for dep_context=requeueable deps ti=<TaskInstance: run_python_script_dag.run_my_python_script manual__2025-05-07T19:23:13.227831+00:00 [queued]>
[2025-05-07T19:27:11.362+0000] {taskinstance.py:2170} INFO - Starting attempt 3 of 3
[2025-05-07T19:27:11.386+0000] {taskinstance.py:2191} INFO - Executing <Task(BashOperator): run_my_python_script> on 2025-05-07 19:23:13.227831+00:00
[2025-05-07T19:27:11.394+0000] {standard_task_runner.py:60} INFO - Started process 166 to run task
[2025-05-07T19:27:11.398+0000] {standard_task_runner.py:87} INFO - Running: ['***', 'tasks', 'run', 'run_python_script_dag', 'run_my_python_script', 'manual__2025-05-07T19:23:13.227831+00:00', '--job-id', '10', '--raw', '--subdir', 'DAGS_FOLDER/run_python_script_dag.py', '--cfg-path', '/tmp/tmp0cl3gss_']
[2025-05-07T19:27:11.405+0000] {standard_task_runner.py:88} INFO - Job 10: Subtask run_my_python_script
[2025-05-07T19:27:11.487+0000] {task_command.py:423} INFO - Running <TaskInstance: run_python_script_dag.run_my_python_script manual__2025-05-07T19:23:13.227831+00:00 [running]> on host 9a330f7bf05e
[2025-05-07T19:27:11.581+0000] {taskinstance.py:2480} INFO - Exporting env vars: AIRFLOW_CTX_DAG_OWNER='***' AIRFLOW_CTX_DAG_ID='run_python_script_dag' AIRFLOW_CTX_TASK_ID='run_my_python_script' AIRFLOW_CTX_EXECUTION_DATE='2025-05-07T19:23:13.227831+00:00' AIRFLOW_CTX_TRY_NUMBER='3' AIRFLOW_CTX_DAG_RUN_ID='manual__2025-05-07T19:23:13.227831+00:00'
[2025-05-07T19:27:11.584+0000] {subprocess.py:63} INFO - Tmp dir root location: /tmp
[2025-05-07T19:27:11.585+0000] {subprocess.py:75} INFO - Running command: ['/usr/bin/bash', '-c', 'python /opt/***/scripts/my_script.py']
[2025-05-07T19:27:11.597+0000] {subprocess.py:86} INFO - Output:
[2025-05-07T19:27:11.619+0000] {subprocess.py:93} INFO - python: can't open file '/opt/***/scripts/my_script.py': [Errno 2] No such file or directory
[2025-05-07T19:27:11.621+0000] {subprocess.py:97} INFO - Command exited with return code 2
[2025-05-07T19:27:11.632+0000] {taskinstance.py:2698} ERROR - Task failed with exception
Traceback (most recent call last):
  File "/home/airflow/.local/lib/python3.8/site-packages/airflow/models/taskinstance.py", line 433, in _execute_task
    result = execute_callable(context=context, **execute_callable_kwargs)
  File "/home/airflow/.local/lib/python3.8/site-packages/airflow/operators/bash.py", line 212, in execute
    raise AirflowException(
airflow.exceptions.AirflowException: Bash command failed. The command returned a non-zero exit code 2.
[2025-05-07T19:27:11.635+0000] {taskinstance.py:1138} INFO - Marking task as FAILED. dag_id=run_python_script_dag, task_id=run_my_python_script, execution_date=20250507T192313, start_date=20250507T192711, end_date=20250507T192711
[2025-05-07T19:27:11.653+0000] {standard_task_runner.py:107} ERROR - Failed to execute job 10 for task run_my_python_script (Bash command failed. The command returned a non-zero exit code 2.; 166)
[2025-05-07T19:27:11.692+0000] {local_task_job_runner.py:234} INFO - Task exited with return code 1
[2025-05-07T19:27:11.711+0000] {taskinstance.py:3280} INFO - 0 downstream tasks scheduled from follow-on schedule check
