[2025-05-07T19:23:16.587+0000] {taskinstance.py:1956} INFO - Dependencies all met for dep_context=non-requeueable deps ti=<TaskInstance: run_python_script_dag.run_my_python_script manual__2025-05-07T19:23:13.227831+00:00 [queued]>
[2025-05-07T19:23:16.596+0000] {taskinstance.py:1956} INFO - Dependencies all met for dep_context=requeueable deps ti=<TaskInstance: run_python_script_dag.run_my_python_script manual__2025-05-07T19:23:13.227831+00:00 [queued]>
[2025-05-07T19:23:16.597+0000] {taskinstance.py:2170} INFO - Starting attempt 1 of 2
[2025-05-07T19:23:16.616+0000] {taskinstance.py:2191} INFO - Executing <Task(BashOperator): run_my_python_script> on 2025-05-07 19:23:13.227831+00:00
[2025-05-07T19:23:16.621+0000] {standard_task_runner.py:60} INFO - Started process 101 to run task
[2025-05-07T19:23:16.626+0000] {standard_task_runner.py:87} INFO - Running: ['***', 'tasks', 'run', 'run_python_script_dag', 'run_my_python_script', 'manual__2025-05-07T19:23:13.227831+00:00', '--job-id', '7', '--raw', '--subdir', 'DAGS_FOLDER/run_python_script_dag.py', '--cfg-path', '/tmp/tmp3qlf41kv']
[2025-05-07T19:23:16.631+0000] {standard_task_runner.py:88} INFO - Job 7: Subtask run_my_python_script
[2025-05-07T19:23:16.697+0000] {task_command.py:423} INFO - Running <TaskInstance: run_python_script_dag.run_my_python_script manual__2025-05-07T19:23:13.227831+00:00 [running]> on host 9a330f7bf05e
[2025-05-07T19:23:16.776+0000] {taskinstance.py:2480} INFO - Exporting env vars: AIRFLOW_CTX_DAG_OWNER='***' AIRFLOW_CTX_DAG_ID='run_python_script_dag' AIRFLOW_CTX_TASK_ID='run_my_python_script' AIRFLOW_CTX_EXECUTION_DATE='2025-05-07T19:23:13.227831+00:00' AIRFLOW_CTX_TRY_NUMBER='1' AIRFLOW_CTX_DAG_RUN_ID='manual__2025-05-07T19:23:13.227831+00:00'
[2025-05-07T19:23:16.779+0000] {subprocess.py:63} INFO - Tmp dir root location: /tmp
[2025-05-07T19:23:16.781+0000] {subprocess.py:75} INFO - Running command: ['/usr/bin/bash', '-c', 'python /opt/***/scripts/my_script.py']
[2025-05-07T19:23:16.792+0000] {subprocess.py:86} INFO - Output:
[2025-05-07T19:23:16.816+0000] {subprocess.py:93} INFO - python: can't open file '/opt/***/scripts/my_script.py': [Errno 2] No such file or directory
[2025-05-07T19:23:16.819+0000] {subprocess.py:97} INFO - Command exited with return code 2
[2025-05-07T19:23:16.829+0000] {taskinstance.py:2698} ERROR - Task failed with exception
Traceback (most recent call last):
  File "/home/airflow/.local/lib/python3.8/site-packages/airflow/models/taskinstance.py", line 433, in _execute_task
    result = execute_callable(context=context, **execute_callable_kwargs)
  File "/home/airflow/.local/lib/python3.8/site-packages/airflow/operators/bash.py", line 212, in execute
    raise AirflowException(
airflow.exceptions.AirflowException: Bash command failed. The command returned a non-zero exit code 2.
[2025-05-07T19:23:16.833+0000] {taskinstance.py:1138} INFO - Marking task as UP_FOR_RETRY. dag_id=run_python_script_dag, task_id=run_my_python_script, execution_date=20250507T192313, start_date=20250507T192316, end_date=20250507T192316
[2025-05-07T19:23:16.845+0000] {standard_task_runner.py:107} ERROR - Failed to execute job 7 for task run_my_python_script (Bash command failed. The command returned a non-zero exit code 2.; 101)
[2025-05-07T19:23:16.881+0000] {local_task_job_runner.py:234} INFO - Task exited with return code 1
[2025-05-07T19:23:16.909+0000] {taskinstance.py:3280} INFO - 0 downstream tasks scheduled from follow-on schedule check
